[DATA_POINT]
1="tcp_connect"
2="tcp_connection_count"
3="mic_recv"
4="HTTP_200"
5="HTTP_302"
6="tcp_shutdown"
[END_TRANSACTION]
1="http://202.116.104.161/NIP/login.action"
2="http://202.116.104.161/NIP/scripts/pdfobject.js"
3="http://202.116.104.161/NIP/css/css.css"
4="http://202.116.104.161/NIP/images/new/bgd_login_2.jpg"
5="http://202.116.104.161/NIP/images/new/bgd_login3_0.jpg"
6="http://202.116.104.161/NIP/images/new/input.gif"
7="http://202.116.104.161/NIP/images/new/btn_login.png"
8="http://202.116.104.161/NIP/scripts/jquery-1.8.2.min.js"
9="login.action_sample_save_5"
10="http://202.116.104.161/NIP/scripts/pdfobject.js?_=1541395994665"
11="http://202.116.104.161/NIP/scripts/pdfobject.js?_=1541395994667"
12="http://202.116.104.161/NIP/scripts/jquery-1.8.2.min.js?_=1541395994666"
13="http://202.116.104.161/NIP/scripts/jquery.blockUI.js?_=1541395994669"
14="http://202.116.104.161/NIP/scripts/common.js?_=1541395994670"
15="http://202.116.104.161/NIP/scripts/dhtmlxSuite/dhtmlx_std_full/dhtmlx.js?_=1541395994671"
16="http://202.116.104.161/NIP/images/new/main_top_bgd.jpg"
17="http://202.116.104.161/NIP/images/new/main_top.jpg"
18="http://202.116.104.161/NIP/scripts/dhtmlxSuite/dhtmlx_std_full/imgs/csh_bluebooks/iconUncheckAll.gif"
19="http://202.116.104.161/NIP/scripts/dhtmlxSuite/dhtmlx_std_full/imgs/csh_bluebooks/line3.gif"
20="http://202.116.104.161/NIP/scripts/dhtmlxSuite/dhtmlx_std_full/imgs/csh_bluebooks/line2.gif"
21="http://202.116.104.161/NIP/scripts/dhtmlxSuite/dhtmlx_std_full/imgs/csh_bluebooks/plus3.gif"
22="http://202.116.104.161/NIP/scripts/dhtmlxSuite/dhtmlx_std_full/imgs/csh_bluebooks/plus2.gif"
23="http://202.116.104.161/NIP/scripts/dhtmlxSuite/dhtmlx_std_full/imgs/csh_bluebooks/plus4.gif"
24="http://202.116.104.161/NIP/home.action"
25="http://202.116.104.161/NIP/scripts/dhtmlxSuite/dhtmlx_std_full/dhtmlx.js"
26="http://202.116.104.161/NIP/scripts/jquery-1.8.2.min.js?_=1541395994668"
27="login.action_2_sample_save_19"
28="http://202.116.104.161/NIP/rpt/searchdanger.action"
29="searchdanger.action_sample_save_43"
30="http://202.116.104.161/NIP/ref/noticeNewSearch.action"
31="noticeNewSearch.acti_sample_save_54"
32="http://202.116.104.161/NIP/rpt/searchdelay.action"
33="searchdelay.action_sample_save_65"
34="http://202.116.104.161/NIP/ref/rateMatured.action"
35="rateMatured.action_sample_save_76"
36="登录"
37="打开样本录入页面"
38="http://202.116.104.161/NIP/dis/speInput.action"
39="speInput.action_sample_save_93"
40="保存"
